<!doctype html>
<html lang="en">
<head>
<meta charset="utf-8">
<meta name="viewport" content="width=device-width, initial-scale=1">
<title>newt-web</title>
<script src="/assets/htmx.min.js"></script>
<script defer src="/assets/mermaid.min.js"></script>
<script defer src="/assets/markdown.js"></script>
<style>
  :root { color-scheme: light dark; }
  body { font-family: ui-monospace, monospace; margin: 0; }
  header { padding: 0.5rem 1rem; border-bottom: 1px solid color-mix(in srgb, currentColor 25%, transparent); }
  header h1 { font-size: 1rem; margin: 0; }
  #content { padding: 1rem; display: grid; gap: 1rem; }
  #tabs { display: flex; flex-wrap: wrap; gap: 0.4rem; }
  #tabs button { padding: 0.25rem 0.75rem; border-radius: 4px 4px 0 0; border: 1px solid color-mix(in srgb, currentColor 25%, transparent); background: transparent; cursor: pointer; }
  #tabs button.active { border-bottom-color: transparent; font-weight: bold; }
  .empty { opacity: 0.7; }
  .sessions h2 { font-size: 0.9rem; margin: 0 0 0.25rem; }
  .sessions .hint { opacity: 0.7; font-size: 0.75rem; margin: 0 0 0.5rem; }
  .sessions ul { list-style: none; margin: 0; padding: 0; display: grid; gap: 0.3rem; }
  .sessions li { display: flex; align-items: baseline; gap: 0.5rem; }
  .sessions .s-title { font-weight: bold; }
  .spawn-wrap { border: 1px dashed color-mix(in srgb, currentColor 25%, transparent); border-radius: 4px; padding: 0.4rem 0.6rem; }
  .spawn-wrap summary { cursor: pointer; font-size: 0.85rem; }
  form.spawn { display: flex; flex-wrap: wrap; gap: 0.5rem; align-items: end; margin-top: 0.5rem; }
  form.spawn label { display: grid; font-size: 0.75rem; gap: 0.15rem; }
  input, select, button { font: inherit; }
  .agent { border: 1px solid color-mix(in srgb, currentColor 25%, transparent); border-radius: 4px; }
  .agent h2 { font-size: 0.9rem; margin: 0; padding: 0.4rem 0.75rem; display: flex; justify-content: space-between; gap: 0.5rem; border-bottom: 1px solid color-mix(in srgb, currentColor 15%, transparent); }
  .agent h2 .busy { opacity: 0.7; font-weight: normal; }
  .transcript { padding: 0.5rem 0.75rem; max-height: 50vh; overflow-y: auto; display: grid; gap: 0.4rem; }
  .msg { overflow-wrap: anywhere; }
  .msg .role { opacity: 0.6; font-size: 0.75rem; display: block; }
  /* Rendered Markdown body (render_markdown -> ammonia). Tight vertical
     rhythm so a reply reads as one chat bubble, code/tables scroll rather
     than widen the page. Mirrors scrybe-render/src/themes/default.css. */
  .md > :first-child { margin-top: 0; }
  .md > :last-child { margin-bottom: 0; }
  .md p { margin: 0.3rem 0; }
  .md code { background: color-mix(in srgb, currentColor 10%, transparent); padding: 0.1em 0.3em; border-radius: 3px; font-size: 0.9em; }
  .md pre { background: color-mix(in srgb, currentColor 10%, transparent); padding: 0.6rem; border-radius: 6px; overflow-x: auto; }
  .md pre code { background: none; padding: 0; }
  .md .mermaid { box-sizing: border-box; max-width: 100%; text-align: center; }
  .md .mermaid svg { display: block; height: auto; max-width: 100%; margin-inline: auto; }
  .md .mermaid-error { text-align: left; border: 1px solid #d9534f; white-space: pre-wrap; }
  .md blockquote { margin: 0.3rem 0; padding-left: 0.75rem; border-left: 3px solid color-mix(in srgb, currentColor 25%, transparent); opacity: 0.85; }
  .md table { border-collapse: collapse; display: block; overflow-x: auto; }
  .md th, .md td { border: 1px solid color-mix(in srgb, currentColor 20%, transparent); padding: 0.2rem 0.5rem; }
  .md a { color: inherit; }
  form.prompt { display: flex; gap: 0.5rem; padding: 0.5rem 0.75rem; border-top: 1px solid color-mix(in srgb, currentColor 15%, transparent); }
  form.prompt input[name=text] { flex: 1; }
  /* A4: pending typed permission form. */
  .perm { margin: 0.5rem 0.75rem; padding: 0.5rem 0.75rem; border-radius: 6px; border: 1px solid color-mix(in srgb, currentColor 30%, transparent); display: grid; gap: 0.35rem; }
  .perm-head { display: flex; justify-content: space-between; align-items: baseline; gap: 0.5rem; }
  .perm-actions { display: flex; gap: 0.4rem; flex-wrap: wrap; }
</style>
</head>
<body>
<header><h1>newt-web</h1></header>
<main id="content">
<div id="overview" hx-get="/overview" hx-trigger="every 3s" hx-swap="innerHTML"><section class="sessions"><h2>your sessions</h2><p class="hint">Durable conversations in the store — attach from anywhere; the running session stays the writer (D2).</p><p class="empty">No sessions yet. Start one in a newt shell (SSH), or spawn a scratch agent below.</p></section></div>
<details class="spawn-wrap">
<summary>+ new scratch agent <small>(not saved — start durable sessions above)</small></summary>
<form class="spawn" hx-post="/agents" hx-target="#panel" hx-swap="innerHTML">
<label>name<input name="name" value="agent" required></label>
<label>backend url<input name="url" value="http://127.0.0.1:11434" required></label>
<label>model<input name="model" value="llama3.1:8b" required></label>
<label>kind<select name="kind"><option value="ollama" selected>ollama</option><option value="openai">openai</option></select></label>
<label>workspace<input name="workspace" value="." required></label>
<button>spawn</button>
</form>
</details>
<nav id="tabs"></nav>
<div id="panel"><p class="empty">No agents yet. Spawn one above.</p></div>
</main>
</body>
</html>
