<!doctype html>
<html lang="en">
<head>
<meta charset="utf-8">
<meta name="viewport" content="width=device-width, initial-scale=1">
<title>newt-web</title>
<script src="/assets/htmx.min.js"></script>
<style>
  :root { color-scheme: light dark; }
  body { font-family: ui-monospace, monospace; margin: 0; }
  header { padding: 0.5rem 1rem; border-bottom: 1px solid color-mix(in srgb, currentColor 25%, transparent); }
  header h1 { font-size: 1rem; margin: 0; }
  #content { padding: 1rem; display: grid; gap: 1rem; }
  .empty { opacity: 0.7; }
  form.spawn { display: flex; flex-wrap: wrap; gap: 0.5rem; align-items: end; }
  form.spawn label { display: grid; font-size: 0.75rem; gap: 0.15rem; }
  input, select, button { font: inherit; }
  .agent { border: 1px solid color-mix(in srgb, currentColor 25%, transparent); border-radius: 4px; }
  .agent h2 { font-size: 0.9rem; margin: 0; padding: 0.4rem 0.75rem; display: flex; justify-content: space-between; gap: 0.5rem; border-bottom: 1px solid color-mix(in srgb, currentColor 15%, transparent); }
  .agent h2 .busy { opacity: 0.7; font-weight: normal; }
  .transcript { padding: 0.5rem 0.75rem; max-height: 50vh; overflow-y: auto; display: grid; gap: 0.4rem; }
  .msg { white-space: pre-wrap; overflow-wrap: anywhere; }
  .msg .role { opacity: 0.6; font-size: 0.75rem; display: block; }
  form.prompt { display: flex; gap: 0.5rem; padding: 0.5rem 0.75rem; border-top: 1px solid color-mix(in srgb, currentColor 15%, transparent); }
  form.prompt input[name=text] { flex: 1; }
</style>
</head>
<body>
<header><h1>newt-web</h1></header>
<main id="content">
<form class="spawn" hx-post="/agents" hx-target="#agents" hx-swap="beforeend">
<label>name<input name="name" value="agent" required></label>
<label>backend url<input name="url" value="http://127.0.0.1:11434" required></label>
<label>model<input name="model" value="llama3.1:8b" required></label>
<label>kind<select name="kind"><option value="ollama">ollama</option><option value="openai">openai</option></select></label>
<label>workspace<input name="workspace" value="." required></label>
<button>spawn</button>
</form>
<div id="agents"><p class="empty">No agents yet. Spawn one above.</p></div>
</main>
</body>
</html>
